[debug] [2026-10-05T14:20:26.744Z] ----------------------------------------------------------------------
[debug] [2026-10-05T14:20:26.747Z] Command:       C:\Program Files\nodejs\node.exe C:\Users\Usuario\AppData\Roaming\npm\node_modules\firebase-tools\lib\bin\firebase.js deploy
[debug] [2026-10-05T14:20:26.747Z] CLI Version:   15.32.1
[debug] [2026-10-05T14:20:26.747Z] Platform:      win32
[debug] [2026-10-05T14:20:26.748Z] Node Version:  v22.14.0
[debug] [2026-10-05T14:20:26.748Z] Detected Agent: unknown
[debug] [2026-10-05T14:20:26.748Z] Time:          Mon Oct 05 2026 09:20:26 GMT-0500 (hora estándar de Colombia)
[debug] [2026-10-05T14:20:26.748Z] ----------------------------------------------------------------------
[debug] 
[debug] [2026-10-05T14:20:55.602Z] > command requires scopes: ["email","openid","https://www.googleapis.com/auth/cloudplatformprojects.readonly","https://www.googleapis.com/auth/firebase","https://www.googleapis.com/auth/cloud-platform"]
[debug] [2026-10-05T14:20:55.602Z] > authorizing via signed-in user (MSOLIVAR@uqvirtual.edu.co)
[debug] [2026-10-05T14:20:55.602Z] [iam] checking project app-frontend-inglesverbos for permissions ["firebase.projects.get","firebasehosting.sites.update"]
[debug] [2026-10-05T14:20:55.616Z] Checked if tokens are valid: false, expires at: 1791203604200
[debug] [2026-10-05T14:20:55.616Z] Checked if tokens are valid: false, expires at: 1791203604200
[debug] [2026-10-05T14:20:55.616Z] > refreshing access token with scopes: []
[debug] [2026-10-05T14:20:55.619Z] >>> [apiv2][query] POST https://www.googleapis.com/oauth2/v3/token [none]
[debug] [2026-10-05T14:20:55.619Z] >>> [apiv2][body] POST https://www.googleapis.com/oauth2/v3/token [omitted]
[debug] [2026-10-05T14:20:55.889Z] <<< [apiv2][status] POST https://www.googleapis.com/oauth2/v3/token 200
[debug] [2026-10-05T14:20:55.890Z] <<< [apiv2][body] POST https://www.googleapis.com/oauth2/v3/token [omitted]
[debug] [2026-10-05T14:20:55.934Z] >>> [apiv2][query] POST https://cloudresourcemanager.googleapis.com/v1/projects/app-frontend-inglesverbos:testIamPermissions [none]
[debug] [2026-10-05T14:20:55.934Z] >>> [apiv2][(partial)header] POST https://cloudresourcemanager.googleapis.com/v1/projects/app-frontend-inglesverbos:testIamPermissions  x-goog-user-project=app-frontend-inglesverbos
[debug] [2026-10-05T14:20:55.934Z] >>> [apiv2][body] POST https://cloudresourcemanager.googleapis.com/v1/projects/app-frontend-inglesverbos:testIamPermissions {"permissions":["firebase.projects.get","firebasehosting.sites.update"]}
[debug] [2026-10-05T14:20:56.510Z] <<< [apiv2][status] POST https://cloudresourcemanager.googleapis.com/v1/projects/app-frontend-inglesverbos:testIamPermissions 200
[debug] [2026-10-05T14:20:56.511Z] <<< [apiv2][body] POST https://cloudresourcemanager.googleapis.com/v1/projects/app-frontend-inglesverbos:testIamPermissions {"permissions":["firebase.projects.get","firebasehosting.sites.update"]}
[debug] [2026-10-05T14:20:56.512Z] Checked if tokens are valid: true, expires at: 1791213654890
[debug] [2026-10-05T14:20:56.512Z] Checked if tokens are valid: true, expires at: 1791213654890
[debug] [2026-10-05T14:20:56.512Z] >>> [apiv2][query] GET https://firebase.googleapis.com/v1beta1/projects/app-frontend-inglesverbos [none]
[debug] [2026-10-05T14:20:56.946Z] <<< [apiv2][status] GET https://firebase.googleapis.com/v1beta1/projects/app-frontend-inglesverbos 200
[debug] [2026-10-05T14:20:56.946Z] <<< [apiv2][body] GET https://firebase.googleapis.com/v1beta1/projects/app-frontend-inglesverbos {"projectId":"app-frontend-inglesverbos","projectNumber":"648750830506","displayName":"app-frontend-inglesverbos","name":"projects/app-frontend-inglesverbos","resources":{"hostingSite":"app-frontend-inglesverbos","realtimeDatabaseInstance":"app-frontend-inglesverbos-default-rtdb"},"state":"ACTIVE","labels":{"firebase":"enabled"},"etag":"1_8641d814-4161-444a-8c71-b1a0456e5ebd"}
[info] 
[info] === Deploying to 'app-frontend-inglesverbos'...
[info] 
[info] i  deploying hosting 
[debug] [2026-10-05T14:20:56.951Z] Checked if tokens are valid: true, expires at: 1791213654890
[debug] [2026-10-05T14:20:56.951Z] Checked if tokens are valid: true, expires at: 1791213654890
[debug] [2026-10-05T14:20:56.951Z] >>> [apiv2][query] GET https://firebasehosting.googleapis.com/v1beta1/projects/app-frontend-inglesverbos/sites/app-frontend-inglesverbos [none]
